
> pitch-weather@0.0.0 build
> vite build

[36mvite v8.0.0-beta.15 [32mbuilding client environment for production...[36m[39m
[2K
transforming...Ô£ô 1729 modules transformed.
node.exe : [31mÔ£ù[39m 
Build failed in 829ms
At C:\Program 
Files\nodejs\npm.ps1:29 char:3
+   & $NODE_EXE $NPM_CLI_JS 
$args
+   
~~~~~~~~~~~~~~~~~~~~~~~~~~~~~
    + CategoryInfo          : 
    NotSpecified: ([31mÔ£ù  
  [39m Build failed in 829m   
 s:String) [], RemoteExcep    
tion
    + FullyQualifiedErrorId : 
    NativeCommandError
 
[31merror during build:
[31mBuild failed with 1 
error:

[31m[UNRESOLVED_IMPORT] 
Error:[0m Could not resolve 
'../data/venues' in 
src/components/SearchBar.jsx
   [38;5;246mÔò¡[0m[38;5;24
6mÔöÇ[0m[38;5;246m[[0m src/
components/SearchBar.jsx:3:31 
[38;5;246m][0m
   [38;5;246mÔöé[0m
 [38;5;246m3 Ôöé[0m [38;5;2
49mi[0m[38;5;249mm[0m[38;5
;249mp[0m[38;5;249mo[0m[38
;5;249mr[0m[38;5;249mt[0m[
38;5;249m [0m[38;5;249m{[0m
[38;5;249m [0m[38;5;249mS[
0m[38;5;249mP[0m[38;5;249mO
[0m[38;5;249mR[0m[38;5;249
mT[0m[38;5;249m_[0m[38;5;2
49mF[0m[38;5;249mI[0m[38;5
;249mL[0m[38;5;249mT[0m[38
;5;249mE[0m[38;5;249mR[0m[
38;5;249mS[0m[38;5;249m [0m
[38;5;249m}[0m[38;5;249m [
0m[38;5;249mf[0m[38;5;249mr
[0m[38;5;249mo[0m[38;5;249
mm[0m[38;5;249m [0m"../data
/venues"[38;5;249m;[0m
 [38;5;240m  Ôöé[0m         
                      ÔöÇÔöÇÔö
ÇÔöÇÔöÇÔöÇÔöÇÔöÇÔö¼ÔöÇÔöÇÔöÇÔö
ÇÔöÇÔöÇÔöÇ  
 [38;5;240m  Ôöé[0m         
                              
Ôò░ÔöÇÔöÇÔöÇÔöÇÔöÇÔöÇÔöÇÔöÇÔöÇ
 Module not found.
 [38;5;240m  Ôöé[0m 
 [38;5;240m  Ôöé[0m 
[38;5;115mHelp[0m: 'src/comp
onents/SearchBar.jsx' is 
imported by the following 
path:
 [38;5;240m  Ôöé[0m         
- src/components/SearchBar.jsx
 [38;5;240m  Ôöé[0m         
- src/components/InteractiveMa
p.jsx
 [38;5;240m  Ôöé[0m         
- src/App.jsx
 [38;5;240m  Ôöé[0m         
- src/main.jsx
 [38;5;240m  Ôöé[0m         
- index.html
[38;5;246mÔöÇÔöÇÔöÇÔò»[0m
[31m
    at aggregateBindingErrorsI
ntoJsError (file:///P:/pitch-w
eather/node_modules/rolldown/d
ist/shared/error-CpxG7etL.mjs:
52:18)
    at unwrapBindingResult (fi
le:///P:/pitch-weather/node_mo
dules/rolldown/dist/shared/err
or-CpxG7etL.mjs:22:128)
    at #build (file:///P:/pitc
h-weather/node_modules/rolldow
n/dist/shared/rolldown-build-C
Z74hiRH.mjs:3360:34)
    at async buildEnvironment 
(file:///P:/pitch-weather/node
_modules/vite/dist/node/chunks
/node.js:32691:64)
    at async Object.build (fil
e:///P:/pitch-weather/node_mod
ules/vite/dist/node/chunks/nod
e.js:33113:19)
    at async Object.buildApp (
file:///P:/pitch-weather/node_
modules/vite/dist/node/chunks/
node.js:33110:153)
    at async CAC.<anonymous> (
file:///P:/pitch-weather/node_
modules/vite/dist/node/cli.js:
641:3)[39m
